// Jest Snapshot v1, https://goo.gl/fbAQLP

exports[`SearchForm should make the search bar with a header tag 1`] = `
<header>
  <h1>
    Whats 
    <span
      className="yellow"
    >
      New?
    </span>
  </h1>
  <form
    className="search-form"
  >
    <label
      className="search-bar"
    >
      <input
        id="search"
        placeholder="Search for news article here"
        type="text"
      />
    </label>
    <button
      onClick={[Function]}
      type="button"
    >
      Search
    </button>
  </form>
</header>
`;
